I'm sorry, but errors were detected in your script. Please correct the
errors listed below, and try again.


File "game/script.rpy", line 51: expected 'image_name_component' not found.
    scene "images/other/bg_Germany.jpg"
          ^

Ren'Py Version: Ren'Py 8.2.1.24030407
Mon Jun 10 23:53:29 2024
